docker : #0 building with "desktop-linux" instance using docker driver
At line:1 char:90
+ ... lor Yellow; docker build --build-arg NEXT_PUBLIC_CLERK_PUBLISHABLE_KE ...
+                 ~~~~~~~~~~~~~~~~~~~~~~~~~~~~~~~~~~~~~~~~~~~~~~~~~~~~~~~~~
    + CategoryInfo          : NotSpecified: (#0 building wit...g docker driver:String) [], RemoteException
    + FullyQualifiedErrorId : NativeCommandError
 

#1 [internal] load build definition from Dockerfile
#1 transferring dockerfile: 2.81kB done
#1 DONE 0.0s

#2 [internal] load metadata for docker.io/library/node:20-alpine
#2 DONE 0.3s

#3 [internal] load .dockerignore
#3 transferring context: 1.24kB done
#3 DONE 0.0s

#4 [internal] load build context
#4 DONE 0.0s

#5 [deps  1/10] FROM 
docker.io/library/node:20-alpine@sha256:658d0f63e501824d6c23e06d4bb95c71e7d704537c9d9272f488ac03a370d448
#5 resolve 
docker.io/library/node:20-alpine@sha256:658d0f63e501824d6c23e06d4bb95c71e7d704537c9d9272f488ac03a370d448 0.1s 
done
#5 DONE 0.1s

#6 [runner  3/15] RUN corepack enable && corepack prepare pnpm@latest --activate
#6 CACHED

#7 [runner  4/15] RUN apk add --no-cache curl
#7 CACHED

#8 [runner  5/15] RUN addgroup --system --gid 1001 nodejs
#8 CACHED

#9 [builder 2/7] WORKDIR /app
#9 CACHED

#10 [runner  6/15] RUN adduser --system --uid 1001 nextjs
#10 CACHED

#4 [internal] load build context
#4 transferring context: 452.54kB 0.3s done
#4 DONE 0.4s

#11 [deps  3/10] WORKDIR /app
#11 CACHED

#12 [deps  8/10] COPY packages ./packages
#12 CACHED

#13 [builder 4/7] COPY --from=deps /app/node_modules ./node_modules
#13 CACHED

#14 [builder 5/7] COPY --from=deps /app/packages ./packages
#14 CACHED

#15 [deps  6/10] COPY packages/*/package.json ./packages/
#15 CACHED

#16 [deps  5/10] COPY package.json pnpm-lock.yaml pnpm-workspace.yaml ./
#16 CACHED

#17 [deps 10/10] RUN pnpm --filter @unioneyes/ai build
#17 CACHED

#18 [deps  7/10] RUN pnpm install --frozen-lockfile
#18 CACHED

#19 [deps  2/10] RUN apk add --no-cache libc6-compat
#19 CACHED

#20 [deps  9/10] RUN pnpm install --frozen-lockfile
#20 CACHED

#21 [builder 3/7] RUN corepack enable && corepack prepare pnpm@latest --activate
#21 CACHED

#22 [deps  4/10] RUN corepack enable && corepack prepare pnpm@latest --activate
#22 CACHED

#23 [builder 6/7] COPY . .
#23 CACHED

#24 [builder 7/7] RUN pnpm build
#24 0.364 ! Corepack is about to download https://registry.npmjs.org/pnpm/-/pnpm-10.20.0.tgz
#24 2.124 
#24 2.124 > prompting-test-project@0.1.0 build /app
#24 2.124 > turbo run build
#24 2.124 
#24 2.175 
#24 2.175 Attention:
#24 2.175 Turborepo now collects completely anonymous telemetry regarding usage.
#24 2.175 This information is used to shape the Turborepo roadmap and prioritize features.
#24 2.175 You can learn more, including how to opt-out if you'd not like to participate in this anonymous 
program, by visiting the following URL:
#24 2.175 https://turborepo.com/docs/telemetry
#24 2.175 
#24 2.175 ΓÇó turbo 2.7.1
#24 2.271 ΓÇó Packages in scope: @union-claims/financial, @unioneyes/ai, @unioneyes/auth, 
@unioneyes/multi-tenant, @unioneyes/supabase, @unioneyes/types, @unioneyes/ui, financial-service
#24 2.271 ΓÇó Running build in 8 packages
#24 2.271 ΓÇó Remote caching disabled
#24 2.871 @union-claims/financial:build: cache miss, executing 177d298ca4b3257f
#24 2.874 @unioneyes/supabase:build: cache miss, executing 31f1b710ba62b214
#24 2.879 @unioneyes/ui:build: cache miss, executing 40c5ad545422920f
#24 2.883 @unioneyes/types:build: cache miss, executing fc2eb6bb3a569361
#24 2.889 @unioneyes/ai:build: cache miss, executing 6e78c8bb8bbda73c
#24 3.469 @union-claims/financial:build: 
#24 3.469 @union-claims/financial:build: > @union-claims/financial@1.0.0 build /app/packages/financial
#24 3.469 @union-claims/financial:build: > tsc
#24 3.469 @union-claims/financial:build: 
#24 3.470 @unioneyes/types:build: 
#24 3.470 @unioneyes/types:build: > @unioneyes/types@1.0.0 build /app/packages/types
#24 3.470 @unioneyes/types:build: > tsc
#24 3.470 @unioneyes/types:build: 
#24 3.513 @unioneyes/supabase:build: 
#24 3.513 @unioneyes/supabase:build: > @unioneyes/supabase@0.1.0 build /app/packages/supabase
#24 3.513 @unioneyes/supabase:build: > tsc -p tsconfig.build.json
#24 3.513 @unioneyes/supabase:build: 
#24 3.526 @unioneyes/ui:build: 
#24 3.526 @unioneyes/ui:build: > @unioneyes/ui@1.0.0 build /app/packages/ui
#24 3.526 @unioneyes/ui:build: > tsc
#24 3.526 @unioneyes/ui:build: 
#24 3.552 @unioneyes/ai:build: 
#24 3.552 @unioneyes/ai:build: > @unioneyes/ai@0.1.0 build /app/packages/ai
#24 3.552 @unioneyes/ai:build: > tsc
#24 3.552 @unioneyes/ai:build: 
#24 5.630 @unioneyes/multi-tenant:build: cache miss, executing aaf46ce9224e9806
#24 6.280 @unioneyes/multi-tenant:build: 
#24 6.280 @unioneyes/multi-tenant:build: > @unioneyes/multi-tenant@1.0.0 build /app/packages/multi-tenant
#24 6.280 @unioneyes/multi-tenant:build: > tsc
#24 6.280 @unioneyes/multi-tenant:build: 
#24 6.873 financial-service:build: cache miss, executing 9af2957044717afd
#24 6.887 @unioneyes/auth:build: cache miss, executing ab54403873a64157
#24 7.665 @unioneyes/auth:build: 
#24 7.665 @unioneyes/auth:build: > @unioneyes/auth@0.1.0 build /app/packages/auth
#24 7.665 @unioneyes/auth:build: > tsc
#24 7.665 @unioneyes/auth:build: 
#24 7.688 financial-service:build: 
#24 7.688 financial-service:build: > financial-service@1.0.0 build /app/services/financial-service
#24 7.688 financial-service:build: > tsc
#24 7.688 financial-service:build: 
#24 12.69 @unioneyes/ui:build: src/__tests__/BusinessUnitSwitcher-fixed.test.tsx(14,1): error TS2593: Cannot 
find name 'describe'. Do you need to install type definitions for a test runner? Try `npm i --save-dev 
@types/jest` or `npm i --save-dev @types/mocha` and then add 'jest' or 'mocha' to the types field in your 
tsconfig.
#24 12.69 @unioneyes/ui:build: src/__tests__/BusinessUnitSwitcher-fixed.test.tsx(15,3): error TS2593: Cannot 
find name 'it'. Do you need to install type definitions for a test runner? Try `npm i --save-dev @types/jest` 
or `npm i --save-dev @types/mocha` and then add 'jest' or 'mocha' to the types field in your tsconfig.
#24 12.69 @unioneyes/ui:build: src/__tests__/BusinessUnitSwitcher-fixed.test.tsx(19,5): error TS2304: Cannot 
find name 'expect'.
#24 12.69 @unioneyes/ui:build: src/__tests__/BusinessUnitSwitcher-fixed.test.tsx(20,5): error TS2304: Cannot 
find name 'expect'.
#24 12.69 @unioneyes/ui:build: src/__tests__/BusinessUnitSwitcher-fixed.test.tsx(23,3): error TS2593: Cannot 
find name 'it'. Do you need to install type definitions for a test runner? Try `npm i --save-dev @types/jest` 
or `npm i --save-dev @types/mocha` and then add 'jest' or 'mocha' to the types field in your tsconfig.
#24 12.69 @unioneyes/ui:build: src/__tests__/BusinessUnitSwitcher-fixed.test.tsx(30,5): error TS2304: Cannot 
find name 'expect'.
#24 12.69 @unioneyes/ui:build: src/__tests__/BusinessUnitSwitcher-fixed.test.tsx(33,5): error TS2304: Cannot 
find name 'expect'.
#24 12.69 @unioneyes/ui:build: src/__tests__/BusinessUnitSwitcher-fixed.test.tsx(34,5): error TS2304: Cannot 
find name 'expect'.
#24 12.69 @unioneyes/ui:build: src/__tests__/BusinessUnitSwitcher-fixed.test.tsx(35,5): error TS2304: Cannot 
find name 'expect'.
#24 12.69 @unioneyes/ui:build: src/__tests__/BusinessUnitSwitcher-fixed.test.tsx(38,3): error TS2593: Cannot 
find name 'it'. Do you need to install type definitions for a test runner? Try `npm i --save-dev @types/jest` 
or `npm i --save-dev @types/mocha` and then add 'jest' or 'mocha' to the types field in your tsconfig.
#24 12.69 @unioneyes/ui:build: src/__tests__/BusinessUnitSwitcher-fixed.test.tsx(44,5): error TS2304: Cannot 
find name 'expect'.
#24 12.69 @unioneyes/ui:build: src/__tests__/BusinessUnitSwitcher-fixed.test.tsx(45,5): error TS2304: Cannot 
find name 'expect'.
#24 12.69 @unioneyes/ui:build: src/__tests__/BusinessUnitSwitcher-fixed.test.tsx(46,5): error TS2304: Cannot 
find name 'expect'.
#24 12.69 @unioneyes/ui:build: src/__tests__/BusinessUnitSwitcher-fixed.test.tsx(47,5): error TS2304: Cannot 
find name 'expect'.
#24 12.70 @unioneyes/ui:build: src/__tests__/BusinessUnitSwitcher-fixed.test.tsx(50,3): error TS2593: Cannot 
find name 'it'. Do you need to install type definitions for a test runner? Try `npm i --save-dev @types/jest` 
or `npm i --save-dev @types/mocha` and then add 'jest' or 'mocha' to the types field in your tsconfig.
#24 12.70 @unioneyes/ui:build: src/__tests__/BusinessUnitSwitcher-fixed.test.tsx(54,5): error TS2304: Cannot 
find name 'expect'.
#24 12.70 @unioneyes/ui:build: src/__tests__/BusinessUnitSwitcher-fixed.test.tsx(55,5): error TS2304: Cannot 
find name 'expect'.
#24 12.70 @unioneyes/ui:build: src/__tests__/BusinessUnitSwitcher-fixed.test.tsx(56,5): error TS2304: Cannot 
find name 'expect'.
#24 12.70 @unioneyes/ui:build: src/__tests__/BusinessUnitSwitcher-fixed.test.tsx(59,5): error TS2304: Cannot 
find name 'expect'.
#24 12.70 @unioneyes/ui:build: src/__tests__/BusinessUnitSwitcher-fixed.test.tsx(62,3): error TS2593: Cannot 
find name 'it'. Do you need to install type definitions for a test runner? Try `npm i --save-dev @types/jest` 
or `npm i --save-dev @types/mocha` and then add 'jest' or 'mocha' to the types field in your tsconfig.
#24 12.70 @unioneyes/ui:build: src/__tests__/BusinessUnitSwitcher-fixed.test.tsx(67,5): error TS2304: Cannot 
find name 'expect'.
#24 12.70 @unioneyes/ui:build: src/__tests__/BusinessUnitSwitcher-fixed.test.tsx(74,5): error TS2304: Cannot 
find name 'expect'.
#24 12.70 @unioneyes/ui:build: src/__tests__/BusinessUnitSwitcher-fixed.test.tsx(77,3): error TS2593: Cannot 
find name 'it'. Do you need to install type definitions for a test runner? Try `npm i --save-dev @types/jest` 
or `npm i --save-dev @types/mocha` and then add 'jest' or 'mocha' to the types field in your tsconfig.
#24 12.70 @unioneyes/ui:build: src/__tests__/BusinessUnitSwitcher-fixed.test.tsx(84,5): error TS2304: Cannot 
find name 'expect'.
#24 12.70 @unioneyes/ui:build: src/__tests__/BusinessUnitSwitcher-fixed.test.tsx(94,7): error TS2304: Cannot 
find name 'expect'.
#24 12.70 @unioneyes/ui:build: src/__tests__/BusinessUnitSwitcher-fixed.test.tsx(98,3): error TS2593: Cannot 
find name 'it'. Do you need to install type definitions for a test runner? Try `npm i --save-dev @types/jest` 
or `npm i --save-dev @types/mocha` and then add 'jest' or 'mocha' to the types field in your tsconfig.
#24 12.70 @unioneyes/ui:build: src/__tests__/BusinessUnitSwitcher-fixed.test.tsx(105,5): error TS2304: Cannot 
find name 'expect'.
#24 12.70 @unioneyes/ui:build: src/__tests__/BusinessUnitSwitcher-fixed.test.tsx(110,7): error TS2304: Cannot 
find name 'expect'.
#24 12.70 @unioneyes/ui:build: src/__tests__/BusinessUnitSwitcher-fixed.test.tsx(114,3): error TS2593: Cannot 
find name 'it'. Do you need to install type definitions for a test runner? Try `npm i --save-dev @types/jest` 
or `npm i --save-dev @types/mocha` and then add 'jest' or 'mocha' to the types field in your tsconfig.
#24 12.70 @unioneyes/ui:build: src/__tests__/BusinessUnitSwitcher-fixed.test.tsx(125,5): error TS2304: Cannot 
find name 'expect'.
#24 12.70 @unioneyes/ui:build: src/__tests__/BusinessUnitSwitcher-fixed.test.tsx(128,5): error TS2304: Cannot 
find name 'expect'.
#24 12.70 @unioneyes/ui:build: src/__tests__/BusinessUnitSwitcher-fixed.test.tsx(131,3): error TS2593: Cannot 
find name 'it'. Do you need to install type definitions for a test runner? Try `npm i --save-dev @types/jest` 
or `npm i --save-dev @types/mocha` and then add 'jest' or 'mocha' to the types field in your tsconfig.
#24 12.70 @unioneyes/ui:build: src/__tests__/BusinessUnitSwitcher-fixed.test.tsx(132,26): error TS2708: Cannot 
use namespace 'jest' as a value.
#24 12.70 @unioneyes/ui:build: src/__tests__/BusinessUnitSwitcher-fixed.test.tsx(145,5): error TS2304: Cannot 
find name 'expect'.
#24 12.70 @unioneyes/ui:build: src/__tests__/BusinessUnitSwitcher.test.tsx(16,1): error TS2593: Cannot find 
name 'describe'. Do you need to install type definitions for a test runner? Try `npm i --save-dev @types/jest` 
or `npm i --save-dev @types/mocha` and then add 'jest' or 'mocha' to the types field in your tsconfig.
#24 12.70 @unioneyes/ui:build: src/__tests__/BusinessUnitSwitcher.test.tsx(17,3): error TS2593: Cannot find 
name 'it'. Do you need to install type definitions for a test runner? Try `npm i --save-dev @types/jest` or 
`npm i --save-dev @types/mocha` and then add 'jest' or 'mocha' to the types field in your tsconfig.
#24 12.70 @unioneyes/ui:build: src/__tests__/BusinessUnitSwitcher.test.tsx(20,5): error TS2304: Cannot find 
name 'expect'.
#24 12.70 @unioneyes/ui:build: src/__tests__/BusinessUnitSwitcher.test.tsx(23,3): error TS2593: Cannot find 
name 'it'. Do you need to install type definitions for a test runner? Try `npm i --save-dev @types/jest` or 
`npm i --save-dev @types/mocha` and then add 'jest' or 'mocha' to the types field in your tsconfig.
#24 12.70 @unioneyes/ui:build: src/__tests__/BusinessUnitSwitcher.test.tsx(37,5): error TS2304: Cannot find 
name 'expect'.
#24 12.70 @unioneyes/ui:build: src/__tests__/BusinessUnitSwitcher.test.tsx(38,5): error TS2304: Cannot find 
name 'expect'.
#24 12.70 @unioneyes/ui:build: src/__tests__/BusinessUnitSwitcher.test.tsx(39,5): error TS2304: Cannot find 
name 'expect'.
#24 12.70 @unioneyes/ui:build: src/__tests__/BusinessUnitSwitcher.test.tsx(40,5): error TS2304: Cannot find 
name 'expect'.
#24 12.70 @unioneyes/ui:build: src/__tests__/BusinessUnitSwitcher.test.tsx(43,3): error TS2593: Cannot find 
name 'it'. Do you need to install type definitions for a test runner? Try `npm i --save-dev @types/jest` or 
`npm i --save-dev @types/mocha` and then add 'jest' or 'mocha' to the types field in your tsconfig.
#24 12.70 @unioneyes/ui:build: src/__tests__/BusinessUnitSwitcher.test.tsx(62,7): error TS2304: Cannot find 
name 'expect'.
#24 12.70 @unioneyes/ui:build: src/__tests__/BusinessUnitSwitcher.test.tsx(72,3): error TS2593: Cannot find 
name 'it'. Do you need to install type definitions for a test runner? Try `npm i --save-dev @types/jest` or 
`npm i --save-dev @types/mocha` and then add 'jest' or 'mocha' to the types field in your tsconfig.
#24 12.70 @unioneyes/ui:build: src/__tests__/BusinessUnitSwitcher.test.tsx(82,5): error TS2304: Cannot find 
name 'expect'.
#24 12.70 @unioneyes/ui:build: src/__tests__/BusinessUnitSwitcher.test.tsx(85,3): error TS2593: Cannot find 
name 'it'. Do you need to install type definitions for a test runner? Try `npm i --save-dev @types/jest` or 
`npm i --save-dev @types/mocha` and then add 'jest' or 'mocha' to the types field in your tsconfig.
#24 12.70 @unioneyes/ui:build: src/__tests__/BusinessUnitSwitcher.test.tsx(95,7): error TS2304: Cannot find 
name 'expect'.
#24 12.70 @unioneyes/ui:build: src/__tests__/BusinessUnitSwitcher.test.tsx(99,3): error TS2593: Cannot find 
name 'it'. Do you need to install type definitions for a test runner? Try `npm i --save-dev @types/jest` or 
`npm i --save-dev @types/mocha` and then add 'jest' or 'mocha' to the types field in your tsconfig.
#24 12.70 @unioneyes/ui:build: src/__tests__/BusinessUnitSwitcher.test.tsx(106,5): error TS2304: Cannot find 
name 'expect'.
#24 12.70 @unioneyes/ui:build: src/__tests__/BusinessUnitSwitcher.test.tsx(113,7): error TS2304: Cannot find 
name 'expect'.
#24 12.70 @unioneyes/ui:build: src/__tests__/BusinessUnitSwitcher.test.tsx(117,3): error TS2593: Cannot find 
name 'it'. Do you need to install type definitions for a test runner? Try `npm i --save-dev @types/jest` or 
`npm i --save-dev @types/mocha` and then add 'jest' or 'mocha' to the types field in your tsconfig.
#24 12.70 @unioneyes/ui:build: src/__tests__/BusinessUnitSwitcher.test.tsx(127,5): error TS2304: Cannot find 
name 'expect'.
#24 12.70 @unioneyes/ui:build: src/__tests__/BusinessUnitSwitcher.test.tsx(131,5): error TS2304: Cannot find 
name 'expect'.
#24 12.70 @unioneyes/ui:build: src/__tests__/BusinessUnitSwitcher.test.tsx(135,7): error TS2304: Cannot find 
name 'expect'.
#24 12.70 @unioneyes/ui:build: src/__tests__/BusinessUnitSwitcher.test.tsx(139,3): error TS2593: Cannot find 
name 'it'. Do you need to install type definitions for a test runner? Try `npm i --save-dev @types/jest` or 
`npm i --save-dev @types/mocha` and then add 'jest' or 'mocha' to the types field in your tsconfig.
#24 12.70 @unioneyes/ui:build: src/__tests__/BusinessUnitSwitcher.test.tsx(146,5): error TS2304: Cannot find 
name 'expect'.
#24 12.70 @unioneyes/ui:build: src/__tests__/BusinessUnitSwitcher.test.tsx(147,5): error TS2304: Cannot find 
name 'expect'.
#24 12.70 @unioneyes/ui:build: src/__tests__/BusinessUnitSwitcher.test.tsx(150,3): error TS2593: Cannot find 
name 'it'. Do you need to install type definitions for a test runner? Try `npm i --save-dev @types/jest` or 
`npm i --save-dev @types/mocha` and then add 'jest' or 'mocha' to the types field in your tsconfig.
#24 12.70 @unioneyes/ui:build: src/__tests__/BusinessUnitSwitcher.test.tsx(154,5): error TS2304: Cannot find 
name 'expect'.
#24 12.70 @unioneyes/ui:build: src/__tests__/BusinessUnitSwitcher.test.tsx(155,5): error TS2304: Cannot find 
name 'expect'.
#24 12.70 @unioneyes/ui:build: src/__tests__/BusinessUnitSwitcher.test.tsx(156,5): error TS2304: Cannot find 
name 'expect'.
#24 12.70 @unioneyes/ui:build: src/__tests__/BusinessUnitSwitcher.test.tsx(161,7): error TS2304: Cannot find 
name 'expect'.
#24 12.70 @unioneyes/ui:build: src/__tests__/UnifiedLayout-final.test.tsx(7,1): error TS2593: Cannot find name 
'describe'. Do you need to install type definitions for a test runner? Try `npm i --save-dev @types/jest` or 
`npm i --save-dev @types/mocha` and then add 'jest' or 'mocha' to the types field in your tsconfig.
#24 12.70 @unioneyes/ui:build: src/__tests__/UnifiedLayout-final.test.tsx(29,3): error TS2593: Cannot find 
name 'it'. Do you need to install type definitions for a test runner? Try `npm i --save-dev @types/jest` or 
`npm i --save-dev @types/mocha` and then add 'jest' or 'mocha' to the types field in your tsconfig.
#24 12.70 @unioneyes/ui:build: src/__tests__/UnifiedLayout-final.test.tsx(31,5): error TS2304: Cannot find 
name 'expect'.
#24 12.70 @unioneyes/ui:build: src/__tests__/UnifiedLayout-final.test.tsx(32,5): error TS2304: Cannot find 
name 'expect'.
#24 12.70 @unioneyes/ui:build: src/__tests__/UnifiedLayout-final.test.tsx(35,3): error TS2593: Cannot find 
name 'it'. Do you need to install type definitions for a test runner? Try `npm i --save-dev @types/jest` or 
`npm i --save-dev @types/mocha` and then add 'jest' or 'mocha' to the types field in your tsconfig.
#24 12.70 @unioneyes/ui:build: src/__tests__/UnifiedLayout-final.test.tsx(37,5): error TS2304: Cannot find 
name 'expect'.
#24 12.70 @unioneyes/ui:build: src/__tests__/UnifiedLayout-final.test.tsx(38,5): error TS2304: Cannot find 
name 'expect'.
#24 12.70 @unioneyes/ui:build: src/__tests__/UnifiedLayout-final.test.tsx(41,3): error TS2593: Cannot find 
name 'it'. Do you need to install type definitions for a test runner? Try `npm i --save-dev @types/jest` or 
`npm i --save-dev @types/mocha` and then add 'jest' or 'mocha' to the types field in your tsconfig.
#24 12.70 @unioneyes/ui:build: src/__tests__/UnifiedLayout-final.test.tsx(50,5): error TS2304: Cannot find 
name 'expect'.
#24 12.70 @unioneyes/ui:build: src/__tests__/UnifiedLayout-final.test.tsx(53,3): error TS2593: Cannot find 
name 'it'. Do you need to install type definitions for a test runner? Try `npm i --save-dev @types/jest` or 
`npm i --save-dev @types/mocha` and then add 'jest' or 'mocha' to the types field in your tsconfig.
#24 12.70 @unioneyes/ui:build: src/__tests__/UnifiedLayout-final.test.tsx(55,5): error TS2304: Cannot find 
name 'expect'.
#24 12.70 @unioneyes/ui:build: src/__tests__/UnifiedLayout-final.test.tsx(58,3): error TS2593: Cannot find 
name 'it'. Do you need to install type definitions for a test runner? Try `npm i --save-dev @types/jest` or 
`npm i --save-dev @types/mocha` and then add 'jest' or 'mocha' to the types field in your tsconfig.
#24 12.70 @unioneyes/ui:build: src/__tests__/UnifiedLayout-final.test.tsx(60,5): error TS2304: Cannot find 
name 'expect'.
#24 12.70 @unioneyes/ui:build: src/__tests__/UnifiedLayout-final.test.tsx(63,3): error TS2593: Cannot find 
name 'it'. Do you need to install type definitions for a test runner? Try `npm i --save-dev @types/jest` or 
`npm i --save-dev @types/mocha` and then add 'jest' or 'mocha' to the types field in your tsconfig.
#24 12.70 @unioneyes/ui:build: src/__tests__/UnifiedLayout-final.test.tsx(65,5): error TS2304: Cannot find 
name 'expect'.
#24 12.70 @unioneyes/ui:build: src/__tests__/UnifiedLayout-final.test.tsx(66,5): error TS2304: Cannot find 
name 'expect'.
#24 12.70 @unioneyes/ui:build: src/__tests__/UnifiedLayout-final.test.tsx(69,3): error TS2593: Cannot find 
name 'it'. Do you need to install type definitions for a test runner? Try `npm i --save-dev @types/jest` or 
`npm i --save-dev @types/mocha` and then add 'jest' or 'mocha' to the types field in your tsconfig.
#24 12.70 @unioneyes/ui:build: src/__tests__/UnifiedLayout-final.test.tsx(78,5): error TS2304: Cannot find 
name 'expect'.
#24 12.70 @unioneyes/ui:build: src/__tests__/UnifiedLayout-final.test.tsx(81,3): error TS2593: Cannot find 
name 'it'. Do you need to install type definitions for a test runner? Try `npm i --save-dev @types/jest` or 
`npm i --save-dev @types/mocha` and then add 'jest' or 'mocha' to the types field in your tsconfig.
#24 12.70 @unioneyes/ui:build: src/__tests__/UnifiedLayout-final.test.tsx(92,5): error TS2304: Cannot find 
name 'expect'.
#24 12.70 @unioneyes/ui:build: src/__tests__/UnifiedLayout-final.test.tsx(93,5): error TS2304: Cannot find 
name 'expect'.
#24 12.70 @unioneyes/ui:build: src/__tests__/UnifiedLayout.test.tsx(33,1): error TS2593: Cannot find name 
'describe'. Do you need to install type definitions for a test runner? Try `npm i --save-dev @types/jest` or 
`npm i --save-dev @types/mocha` and then add 'jest' or 'mocha' to the types field in your tsconfig.
#24 12.70 @unioneyes/ui:build: src/__tests__/UnifiedLayout.test.tsx(34,3): error TS2593: Cannot find name 
'it'. Do you need to install type definitions for a test runner? Try `npm i --save-dev @types/jest` or `npm i 
--save-dev @types/mocha` and then add 'jest' or 'mocha' to the types field in your tsconfig.
#24 12.70 @unioneyes/ui:build: src/__tests__/UnifiedLayout.test.tsx(37,5): error TS2304: Cannot find name 
'expect'.
#24 12.70 @unioneyes/ui:build: src/__tests__/UnifiedLayout.test.tsx(38,5): error TS2304: Cannot find name 
'expect'.
#24 12.70 @unioneyes/ui:build: src/__tests__/UnifiedLayout.test.tsx(41,3): error TS2593: Cannot find name 
'it'. Do you need to install type definitions for a test runner? Try `npm i --save-dev @types/jest` or `npm i 
--save-dev @types/mocha` and then add 'jest' or 'mocha' to the types field in your tsconfig.
#24 12.70 @unioneyes/ui:build: src/__tests__/UnifiedLayout.test.tsx(44,5): error TS2304: Cannot find name 
'expect'.
#24 12.70 @unioneyes/ui:build: src/__tests__/UnifiedLayout.test.tsx(45,5): error TS2304: Cannot find name 
'expect'.
#24 12.70 @unioneyes/ui:build: src/__tests__/UnifiedLayout.test.tsx(46,5): error TS2304: Cannot find name 
'expect'.
#24 12.70 @unioneyes/ui:build: src/__tests__/UnifiedLayout.test.tsx(49,3): error TS2593: Cannot find name 
'it'. Do you need to install type definitions for a test runner? Try `npm i --save-dev @types/jest` or `npm i 
--save-dev @types/mocha` and then add 'jest' or 'mocha' to the types field in your tsconfig.
#24 12.70 @unioneyes/ui:build: src/__tests__/UnifiedLayout.test.tsx(53,5): error TS2304: Cannot find name 
'expect'.
#24 12.70 @unioneyes/ui:build: src/__tests__/UnifiedLayout.test.tsx(56,3): error TS2593: Cannot find name 
'it'. Do you need to install type definitions for a test runner? Try `npm i --save-dev @types/jest` or `npm i 
--save-dev @types/mocha` and then add 'jest' or 'mocha' to the types field in your tsconfig.
#24 12.70 @unioneyes/ui:build: src/__tests__/UnifiedLayout.test.tsx(59,5): error TS2304: Cannot find name 
'expect'.
#24 12.70 @unioneyes/ui:build: src/__tests__/UnifiedLayout.test.tsx(62,3): error TS2593: Cannot find name 
'it'. Do you need to install type definitions for a test runner? Try `npm i --save-dev @types/jest` or `npm i 
--save-dev @types/mocha` and then add 'jest' or 'mocha' to the types field in your tsconfig.
#24 12.70 @unioneyes/ui:build: src/__tests__/UnifiedLayout.test.tsx(69,5): error TS2304: Cannot find name 
'expect'.
#24 12.70 @unioneyes/ui:build: src/__tests__/UnifiedLayout.test.tsx(72,3): error TS2593: Cannot find name 
'it'. Do you need to install type definitions for a test runner? Try `npm i --save-dev @types/jest` or `npm i 
--save-dev @types/mocha` and then add 'jest' or 'mocha' to the types field in your tsconfig.
#24 12.70 @unioneyes/ui:build: src/__tests__/UnifiedLayout.test.tsx(82,5): error TS2304: Cannot find name 
'expect'.
#24 12.70 @unioneyes/ui:build: src/__tests__/UnifiedLayout.test.tsx(85,3): error TS2593: Cannot find name 
'it'. Do you need to install type definitions for a test runner? Try `npm i --save-dev @types/jest` or `npm i 
--save-dev @types/mocha` and then add 'jest' or 'mocha' to the types field in your tsconfig.
#24 12.70 @unioneyes/ui:build: src/__tests__/UnifiedLayout.test.tsx(88,5): error TS2304: Cannot find name 
'expect'.
#24 12.70 @unioneyes/ui:build: src/__tests__/UnifiedLayout.test.tsx(91,3): error TS2593: Cannot find name 
'it'. Do you need to install type definitions for a test runner? Try `npm i --save-dev @types/jest` or `npm i 
--save-dev @types/mocha` and then add 'jest' or 'mocha' to the types field in your tsconfig.
#24 12.70 @unioneyes/ui:build: src/__tests__/UnifiedLayout.test.tsx(95,5): error TS2304: Cannot find name 
'expect'.
#24 12.70 @unioneyes/ui:build: src/__tests__/UnifiedLayout.test.tsx(96,5): error TS2304: Cannot find name 
'expect'.
#24 12.70 @unioneyes/ui:build: src/__tests__/UnifiedLayout.test.tsx(99,3): error TS2593: Cannot find name 
'it'. Do you need to install type definitions for a test runner? Try `npm i --save-dev @types/jest` or `npm i 
--save-dev @types/mocha` and then add 'jest' or 'mocha' to the types field in your tsconfig.
#24 12.70 @unioneyes/ui:build: src/__tests__/UnifiedLayout.test.tsx(107,5): error TS2304: Cannot find name 
'expect'.
#24 12.70 @unioneyes/ui:build: src/__tests__/UnifiedLayout.test.tsx(108,5): error TS2304: Cannot find name 
'expect'.
#24 12.70 @unioneyes/ui:build: src/__tests__/UnifiedLayout.test.tsx(111,3): error TS2593: Cannot find name 
'it'. Do you need to install type definitions for a test runner? Try `npm i --save-dev @types/jest` or `npm i 
--save-dev @types/mocha` and then add 'jest' or 'mocha' to the types field in your tsconfig.
#24 12.70 @unioneyes/ui:build: src/__tests__/UnifiedLayout.test.tsx(122,5): error TS2304: Cannot find name 
'expect'.
#24 12.70 @unioneyes/ui:build: src/__tests__/UnifiedLayout.test.tsx(125,3): error TS2593: Cannot find name 
'it'. Do you need to install type definitions for a test runner? Try `npm i --save-dev @types/jest` or `npm i 
--save-dev @types/mocha` and then add 'jest' or 'mocha' to the types field in your tsconfig.
#24 12.70 @unioneyes/ui:build: src/__tests__/UnifiedLayout.test.tsx(131,5): error TS2304: Cannot find name 
'expect'.
#24 12.76 @unioneyes/ui:build: ΓÇëELIFECYCLEΓÇë Command failed with exit code 2.
#24 12.78 @unioneyes/ui:build: ERROR: command finished with error: command (/app/packages/ui) 
/usr/local/bin/pnpm run build exited (2)
#24 12.83 @unioneyes/auth:build: ΓÇëELIFECYCLEΓÇë Command failed.
#24 12.83 financial-service:build: ΓÇëELIFECYCLEΓÇë Command failed.
#24 12.83 financial-service:build: ΓÇëWARNΓÇë  Local package.json exists, but node_modules missing, did you 
mean to install?
#24 12.83 @unioneyes/multi-tenant:build: ΓÇëELIFECYCLEΓÇë Command failed.
#24 12.85 @unioneyes/ui#build: command (/app/packages/ui) /usr/local/bin/pnpm run build exited (2)
#24 12.85 
#24 12.85  Tasks:    4 successful, 8 total
#24 12.85 Cached:    0 cached, 8 total
#24 12.85   Time:    10.667s 
#24 12.85 Failed:    @unioneyes/ui#build
#24 12.85 
#24 12.86  ERROR  run failed: command  exited (2)
#24 13.03 ΓÇëELIFECYCLEΓÇë Command failed with exit code 2.
#24 ERROR: process "/bin/sh -c pnpm build" did not complete successfully: exit code: 2
------
 > [builder 7/7] RUN pnpm build:
12.83 @unioneyes/multi-tenant:build: ΓÇëELIFECYCLEΓÇë Command failed.
12.85 @unioneyes/ui#build: command (/app/packages/ui) /usr/local/bin/pnpm run build exited (2)
12.85 
12.85  Tasks:    4 successful, 8 total
12.85 Cached:    0 cached, 8 total
12.85   Time:    10.667s 
12.85 Failed:    @unioneyes/ui#build
12.85 
12.86  ERROR  run failed: command  exited (2)
13.03 ΓÇëELIFECYCLEΓÇë Command failed with exit code 2.
------

 [33m2 warnings found (use docker --debug to expand):
[0m - SecretsUsedInArgOrEnv: Do not use ARG or ENV instructions for sensitive data (ENV "WHOP_WEBHOOK_KEY") 
(line 48)
 - SecretsUsedInArgOrEnv: Do not use ARG or ENV instructions for sensitive data (ARG "WHOP_WEBHOOK_KEY") (line 
44)
Dockerfile:51
--------------------
  49 |     
  50 |     # Build the application (workspace packages already built in deps stage)
  51 | >>> RUN pnpm build
  52 |     
  53 |     # Stage 3: Runner
--------------------
ERROR: failed to build: failed to solve: process "/bin/sh -c pnpm build" did not complete successfully: exit 
code: 2
